$ cd introduccion-informatica/

july_@JulianPC MINGW64 ~/Desktop/DH/introduccion-informatica
$ cd Clase8/

july_@JulianPC MINGW64 ~/Desktop/DH/introduccion-informatica/Clase8
$ git config origin
error: key does not contain a section: origin

july_@JulianPC MINGW64 ~/Desktop/DH/introduccion-informatica/Clase8
$ git clone https://github.com/Cikker/clase8.git
Cloning into 'clase8'...
warning: You appear to have cloned an empty repository.

july_@JulianPC MINGW64 ~/Desktop/DH/introduccion-informatica/Clase8
$ git init
Initialized empty Git repository in C:/Users/july_/Desktop/DH/introduccion-informatica/Clase8/.git/

july_@JulianPC MINGW64 ~/Desktop/DH/introduccion-informatica/Clase8 (main)
$ cd clase8/

july_@JulianPC MINGW64 ~/Desktop/DH/introduccion-informatica/Clase8/clase8 (main)
$ touch main.js

july_@JulianPC MINGW64 ~/Desktop/DH/introduccion-informatica/Clase8/clase8 (main)
$ touch index.html

july_@JulianPC MINGW64 ~/Desktop/DH/introduccion-informatica/Clase8/clase8 (main)
$ git add .

july_@JulianPC MINGW64 ~/Desktop/DH/introduccion-informatica/Clase8/clase8 (main)
$ git commit -m "primer commit"
[main (root-commit) 3672789] primer commit
 2 files changed, 0 insertions(+), 0 deletions(-)
 create mode 100644 index.html
 create mode 100644 main.js

july_@JulianPC MINGW64 ~/Desktop/DH/introduccion-informatica/Clase8/clase8 (main)
$ git push origin main
Enumerating objects: 3, done.
Counting objects: 100% (3/3), done.
Delta compression using up to 6 threads
Compressing objects: 100% (2/2), done.
Writing objects: 100% (3/3), 227 bytes | 227.00 KiB/s, done.
Total 3 (delta 0), reused 0 (delta 0), pack-reused 0
To https://github.com/Cikker/clase8.git
 * [new branch]      main -> main

july_@JulianPC MINGW64 ~/Desktop/DH/introduccion-informatica/Clase8/clase8 (main)
$ git branch feature

july_@JulianPC MINGW64 ~/Desktop/DH/introduccion-informatica/Clase8/clase8 (main)
$ git checkout feature
Switched to branch 'feature'

july_@JulianPC MINGW64 ~/Desktop/DH/introduccion-informatica/Clase8/clase8 (feature)
$ mkdir Hardware

july_@JulianPC MINGW64 ~/Desktop/DH/introduccion-informatica/Clase8/clase8 (feature)
$ mkdir Software

july_@JulianPC MINGW64 ~/Desktop/DH/introduccion-informatica/Clase8/clase8 (feature)
$ mkdir SeguridadInformatica

july_@JulianPC MINGW64 ~/Desktop/DH/introduccion-informatica/Clase8/clase8 (feature)
$ cd Hardware/

july_@JulianPC MINGW64 ~/Desktop/DH/introduccion-informatica/Clase8/clase8/Hardware (feature)
$ touch resumen.txt

july_@JulianPC MINGW64 ~/Desktop/DH/introduccion-informatica/Clase8/clase8/Hardware (feature)
$ cd ..

july_@JulianPC MINGW64 ~/Desktop/DH/introduccion-informatica/Clase8/clase8 (feature)
$ cd Software/

july_@JulianPC MINGW64 ~/Desktop/DH/introduccion-informatica/Clase8/clase8/Software (feature)
$ touch resumen.txt

july_@JulianPC MINGW64 ~/Desktop/DH/introduccion-informatica/Clase8/clase8/Software (feature)
$ cd ..

july_@JulianPC MINGW64 ~/Desktop/DH/introduccion-informatica/Clase8/clase8 (feature)
$ cd SeguridadInformatica/

july_@JulianPC MINGW64 ~/Desktop/DH/introduccion-informatica/Clase8/clase8/SeguridadInformatica (feature)
$ touch resumen.txt

july_@JulianPC MINGW64 ~/Desktop/DH/introduccion-informatica/Clase8/clase8/SeguridadInformatica (feature)
$ git add .

july_@JulianPC MINGW64 ~/Desktop/DH/introduccion-informatica/Clase8/clase8/SeguridadInformatica (feature)
$ git push origin feature
Total 0 (delta 0), reused 0 (delta 0), pack-reused 0
remote: 
remote: Create a pull request for 'feature' on GitHub by visiting:
remote:      https://github.com/Cikker/clase8/pull/new/feature
remote:
To https://github.com/Cikker/clase8.git
 * [new branch]      feature -> feature

july_@JulianPC MINGW64 ~/Desktop/DH/introduccion-informatica/Clase8/clase8/SeguridadInformatica (feature)
$ git commit -m "commit para pushear a feature"
[feature 5513970] commit para pushear a feature
 1 file changed, 0 insertions(+), 0 deletions(-)
 create mode 100644 SeguridadInformatica/resumen.txt

july_@JulianPC MINGW64 ~/Desktop/DH/introduccion-informatica/Clase8/clase8/SeguridadInformatica (feature)
$ cd ..

july_@JulianPC MINGW64 ~/Desktop/DH/introduccion-informatica/Clase8/clase8 (feature)
$ git add .

july_@JulianPC MINGW64 ~/Desktop/DH/introduccion-informatica/Clase8/clase8 (feature)
$ git commit -m "commit para pushear a feature2"
[feature a66afef] commit para pushear a feature2
 2 files changed, 0 insertions(+), 0 deletions(-)
 create mode 100644 Hardware/resumen.txt
 create mode 100644 Software/resumen.txt

july_@JulianPC MINGW64 ~/Desktop/DH/introduccion-informatica/Clase8/clase8 (feature)
$ git push origin feature
Enumerating objects: 6, done.
Counting objects: 100% (6/6), done.
Delta compression using up to 6 threads
Compressing objects: 100% (4/4), done.
Writing objects: 100% (5/5), 559 bytes | 559.00 KiB/s, done.
Total 5 (delta 1), reused 0 (delta 0), pack-reused 0
remote: Resolving deltas: 100% (1/1), done.
To https://github.com/Cikker/clase8.git
   3672789..a66afef  feature -> feature

july_@JulianPC MINGW64 ~/Desktop/DH/introduccion-informatica/Clase8/clase8 (feature)
$ git checkout main
Switched to branch 'main'
Your branch is up to date with 'origin/main'.

july_@JulianPC MINGW64 ~/Desktop/DH/introduccion-informatica/Clase8/clase8 (main)
$ touch comandos.txt

july_@JulianPC MINGW64 ~/Desktop/DH/introduccion-informatica/Clase8/clase8 (main)
$